Microchip MPLAB XC8 Compiler V2.41

Linker command line:

-W-3 \
  --edf=C:/Program Files/Microchip/MPLABX/v6.15/packs/Microchip/PIC18Fxxxx_DFP/1.4.151/xc8\pic\dat\20230323171731_en.msgs \
  -cn -h+dist/default/production\Project_One.production.sym \
  --cmf=dist/default/production\Project_One.production.cmf -z -Q18F4620 \
  -oC:\Users\DELL\AppData\Local\Temp\xcAsep0.\driver_tmp_3.o \
  --defsym=__MPLAB_BUILD=1 --fixupoverflow=error \
  -Mdist/default/production/Project_One.production.map \
  --md=C:\Users\DELL\AppData\Local\Temp\xcAsep0.\driver_tmp_0.dat -E1 \
  -ver=XC8 Compiler --acfsm=1493 -ACODE=00h-0FFFFh -ACONST=00h-0FFFFh \
  -ASMALLCONST=01000h-010FFhx240 -AMEDIUMCONST=01000h-0FFFFh \
  -ACOMRAM=01h-07Fh -AABS1=00h-0F7Fh -ABIGRAM=01h-0F7Fh \
  -ARAM=080h-0FFh,0100h-01FFhx14,0F00h-0F7Fh -ABANK0=080h-0FFh \
  -ABANK1=0100h-01FFh -ABANK2=0200h-02FFh -ABANK3=0300h-03FFh \
  -ABANK4=0400h-04FFh -ABANK5=0500h-05FFh -ABANK6=0600h-06FFh \
  -ABANK7=0700h-07FFh -ABANK8=0800h-08FFh -ABANK9=0900h-09FFh \
  -ABANK10=0A00h-0AFFh -ABANK11=0B00h-0BFFh -ABANK12=0C00h-0CFFh \
  -ABANK13=0D00h-0DFFh -ABANK14=0E00h-0EFFh -ABANK15=0F00h-0F7Fh \
  -ASFR=0F80h-0FFFh -ABIGSFR=0F80h-0FFFh -ACONFIG=0300000h-030000Dh \
  -AIDLOC=0200000h-0200007h -AEEDATA=0F00000h-0F003FFh -peeprom_data=EEDATA \
  -preset_vec=00h,intcode=08h,intcodelo,powerup,init -pramtop=01000h \
  -psmallconst=SMALLCONST -pmediumconst=MEDIUMCONST -pconst=CONST \
  -AFARRAM=00h-00h \
  -prdata=COMRAM,nvrram=COMRAM,nvbit=COMRAM,rbss=COMRAM,rbit=COMRAM \
  -pfarbss=FARRAM,fardata=FARRAM,nvFARRAM=FARRAM \
  -pintsave_regs=BIGRAM,bigbss=BIGRAM,bigdata=BIGRAM -pbss=RAM \
  -pidata=CODE,irdata=CODE,ibigdata=CODE,ifardata=CODE -prparam=COMRAM \
  C:\Users\DELL\AppData\Local\Temp\xcAsep0.\driver_tmp_9.o \
  dist/default/production\Project_One.production.o 

Object code version is 3.11

Machine type is 18F4620



                Name                               Link     Load   Length Selector   Space Scale
C:\Users\DELL\AppData\Local\Temp\xcAsep0.\driver_tmp_9.o
                config                           300000   300000        E        0       4
                init                                  E        E        4        4       0
                reset_vec                             0        0        4        0       0
dist/default/production\Project_One.production.o
                intcode                               8        8        6        4       0
                config                           300000   300000        E        0       4
                temp                                 7E       7E        1        1       1
                smallconst                         1000     1000       1A      800       0
                text33                             2BE4     2BE4        4     15E8       0
                text32                             2BE0     2BE0        4     15E8       0
                text31                             2BDC     2BDC        4     15E8       0
                text30                             2BD8     2BD8        4     15E8       0
                text29                             2BD4     2BD4        4     15E8       0
                text28                             2BD0     2BD0        4     15E8       0
                text27                             2B84     2B84       1A      80D       0
                text26                             2B6A     2B6A       1A      80D       0
                text25                             2B50     2B50       1A      80D       0
                text24                             2B36     2B36       1A      80D       0
                text23                             2BB6     2BB6        C      80D       0
                text22                             2BAA     2BAA        C      80D       0
                text21                             2BC2     2BC2        8      80D       0
                text20                             2B9E     2B9E        C      80D       0
                intcode_body                       1CF6     1CF6      366      80D       0
                text18                             2AF2     2AF2       2A      80D       0
                text17                             2B1C     2B1C       1A      80D       0
                text16                             2A02     2A02       54      80D       0
                text15                             2210     2210      144      80D       0
                text14                             2354     2354      13C      80D       0
                text13                             28D6     28D6       6C      80D       0
                text12                             276E     276E       7C      80D       0
                text11                             2860     2860       76      80D       0
                text10                             27EA     27EA       76      80D       0
                text9                              26D4     26D4       9A      80D       0
                text8                              263A     263A       9A      80D       0
                text7                              101A     101A      4C0      80D       0
                text6                              195C     195C      39A      80D       0
                text5                              2490     2490      106      80D       0
                text4                              205C     205C      1B4      80D       0
                text3                              14DA     14DA      482      80D       0
                text2                              2AA4     2AA4       4E      80D       0
                text1                              2A56     2A56       4E      80D       0
                text0                              2596     2596       A4      80D       0
                cstackCOMRAM                          1        1       57        1       1
                cstackBANK0                          FE       FE        1       80       1
                dataBANK0                            80       80       5E       80       1
                bssBANK0                             DE       DE       20       80       1
                dataCOMRAM                           79       79        5        1       1
                bssCOMRAM                            58       58       21        1       1
                cinit                              2942     2942       62      80D       0
                idataBANK0                         29A4     29A4       5E      80D       0
                idataCOMRAM                        2BCA     2BCA        5      80D       0

TOTAL           Name                               Link     Load   Length     Space
        CLASS   CODE           
                intcode                               8        8        6         0
                init                                  E        E        4         0
                reset_vec                             0        0        4         0
                text33                             2BE4     2BE4        4         0
                text32                             2BE0     2BE0        4         0
                text31                             2BDC     2BDC        4         0
                text30                             2BD8     2BD8        4         0
                text29                             2BD4     2BD4        4         0
                text28                             2BD0     2BD0        4         0
                text27                             2B84     2B84       1A         0
                text26                             2B6A     2B6A       1A         0
                text25                             2B50     2B50       1A         0
                text24                             2B36     2B36       1A         0
                text23                             2BB6     2BB6        C         0
                text22                             2BAA     2BAA        C         0
                text21                             2BC2     2BC2        8         0
                text20                             2B9E     2B9E        C         0
                intcode_body                       1CF6     1CF6      366         0
                text18                             2AF2     2AF2       2A         0
                text17                             2B1C     2B1C       1A         0
                text16                             2A02     2A02       54         0
                text15                             2210     2210      144         0
                text14                             2354     2354      13C         0
                text13                             28D6     28D6       6C         0
                text12                             276E     276E       7C         0
                text11                             2860     2860       76         0
                text10                             27EA     27EA       76         0
                text9                              26D4     26D4       9A         0
                text8                              263A     263A       9A         0
                text7                              101A     101A      4C0         0
                text6                              195C     195C      39A         0
                text5                              2490     2490      106         0
                text4                              205C     205C      1B4         0
                text3                              14DA     14DA      482         0
                text2                              2AA4     2AA4       4E         0
                text1                              2A56     2A56       4E         0
                text0                              2596     2596       A4         0
                cinit                              2942     2942       62         0
                idataBANK0                         29A4     29A4       5E         0
                idataCOMRAM                        2BCA     2BCA        5         0

        CLASS   CONST          

        CLASS   SMALLCONST     
                smallconst                         1000     1000       1A         0

        CLASS   MEDIUMCONST    

        CLASS   COMRAM         
                temp                                 7E       7E        1         1
                cstackCOMRAM                          1        1       57         1
                dataCOMRAM                           79       79        5         1
                bssCOMRAM                            58       58       21         1

        CLASS   ABS1           

        CLASS   BIGRAM         

        CLASS   RAM            

        CLASS   BANK0          
                cstackBANK0                          FE       FE        1         1
                dataBANK0                            80       80       5E         1
                bssBANK0                             DE       DE       20         1

        CLASS   BANK1          

        CLASS   BANK2          

        CLASS   BANK3          

        CLASS   BANK4          

        CLASS   BANK5          

        CLASS   BANK6          

        CLASS   BANK7          

        CLASS   BANK8          

        CLASS   BANK9          

        CLASS   BANK10         

        CLASS   BANK11         

        CLASS   BANK12         

        CLASS   BANK13         

        CLASS   BANK14         

        CLASS   BANK15         

        CLASS   SFR            

        CLASS   BIGSFR         

        CLASS   CONFIG         
                config                           300000   300000        E         4

        CLASS   IDLOC          

        CLASS   EEDATA         

        CLASS   FARRAM         

        CLASS   HEAP           

        CLASS   STACK          



SEGMENTS        Name                           Load    Length   Top    Selector   Space  Class

                reset_vec                      000000  000004  000004         0       0  CODE    
                cstackCOMRAM                   000001  00007E  00007F         1       1  COMRAM  
                intcode                        000008  00000A  000012         4       0  CODE    
                dataBANK0                      000080  00007F  0000FF        80       1  BANK0   
                smallconst                     001000  00001A  00101A       800       0  SMALLCON
                text7                          00101A  001BB5  002BCF       80D       0  CODE    
                text28                         002BD0  000018  002BE8      15E8       0  CODE    


UNUSED ADDRESS RANGES

        Name                Unused          Largest block    Delta
        BANK0            0000FF-0000FF                1
        BANK1            000100-0001FF              100
        BANK10           000A00-000AFF              100
        BANK11           000B00-000BFF              100
        BANK12           000C00-000CFF              100
        BANK13           000D00-000DFF              100
        BANK14           000E00-000EFF              100
        BANK15           000F00-000F7F               80
        BANK2            000200-0002FF              100
        BANK3            000300-0003FF              100
        BANK4            000400-0004FF              100
        BANK5            000500-0005FF              100
        BANK6            000600-0006FF              100
        BANK7            000700-0007FF              100
        BANK8            000800-0008FF              100
        BANK9            000900-0009FF              100
        BIGRAM           00007F-00007F                1
                         0000FF-000F7F              E81
        BIGSFR           000F80-000FFF               80
        CODE             000004-000007                4
                         000012-000FFF              FEE
                         002BCF-002BCF                1
                         002BE8-00FFFF             D418
        COMRAM           00007F-00007F                1
        CONST            000004-000007                4
                         000012-000FFF              FEE
                         002BCF-002BCF                1
                         002BE8-00FFFF             D418
        EEDATA           F00000-F003FF              400
        IDLOC            200000-200007                8
        MEDIUMCONST      002BCF-002BCF                1
                         002BE8-00FFFF             D418
        RAM              0000FF-000F7F              100
        SFR              000F80-000FFF               80
        SMALLCONST       002BCF-002BCF                1
                         002BE8-00FFFF              100

                                  Symbol Table

?___fladd                                     cstackCOMRAM 000029
?___fldiv                                     cstackCOMRAM 000010
?___fltol                                     cstackCOMRAM 000002
?___xxtofl                                    cstackCOMRAM 000002
CCP1_Compare_Mode_Set_Value@F3148             bssCOMRAM    000066
CCP_Captured_Mode_Read_Value@F3127            bssCOMRAM    000068
EUSART_ASYNC_RX_Init@eusar                    cstackCOMRAM 000002
EUSART_ASYNC_TX_Init@eusar                    cstackCOMRAM 000002
EUSART_BaudRate_Calculations@BaudRate_Temp    cstackCOMRAM 00003D
EUSART_BaudRate_Calculations@eusar            cstackCOMRAM 000039
RB4_ISR@source                                cstackCOMRAM 000001
RB5_ISR@source                                cstackCOMRAM 000001
RB6_ISR@source                                cstackCOMRAM 000001
RB7_ISR@source                                cstackCOMRAM 000001
Relay_Initialize@F3042                        bssCOMRAM    000073
Relay_Turn_OFF@F3052                          bssCOMRAM    000071
Relay_Turn_ON@F3047                           bssCOMRAM    000072
USART_ASYNC_Init@eusar                        cstackCOMRAM 000045
USART_ASYNC_Init@ret                          cstackCOMRAM 000047
USART_ASYNC_ReadByte_Non_Blocking@data        cstackCOMRAM 000002
USART_ASYNC_ReadByte_Non_Blocking@ret         cstackCOMRAM 000004
USART_ASYNC_WriteByte_Blocking@data           cstackCOMRAM 000002
USART_ASYNC_WriteString_Blocking@L_str_length cstackCOMRAM 00000A
USART_ASYNC_WriteString_Blocking@data         cstackCOMRAM 000003
USART_ASYNC_WriteString_Blocking@ret          cstackCOMRAM 000009
USART_ASYNC_WriteString_Blocking@str_len      cstackCOMRAM 000005
_ADCON0bits                                   (abs)        000FC2
_ADCON1bits                                   (abs)        000FC1
_ADCON2bits                                   (abs)        000FC0
_ADC_ISR                                      text33       002BE4
_ADC_Interrupt_Handular                       bssCOMRAM    00006E
_ADRESH                                       (abs)        000FC4
_ADRESL                                       (abs)        000FC3
_BAUDCONbits                                  (abs)        000FB8
_CCP1CONbits                                  (abs)        000FBD
_CCP1_ISR                                     text32       002BE0
_CCP1_Interrupt_Hundeler                      bssCOMRAM    00006C
_CCP2CONbits                                  (abs)        000FBA
_CCP2_ISR                                     text31       002BDC
_CCP2_Interrupt_Hundeler                      bssCOMRAM    00006A
_CCPR1H                                       (abs)        000FBF
_CCPR1L                                       (abs)        000FBE
_CCPR2H                                       (abs)        000FBC
_CCPR2L                                       (abs)        000FBB
_EEADR                                        (abs)        000FA9
_EEADRH                                       (abs)        000FAA
_EECON1bits                                   (abs)        000FA6
_EECON2                                       (abs)        000FA7
_EEDATA                                       (abs)        000FA8
_EUSART_ASYNC_RX_Init                         text9        0026D4
_EUSART_ASYNC_TX_Init                         text8        00263A
_EUSART_BaudRate_Calculations                 text3        0014DA
_EUSART_BaudRate_Calculations$4668            cstackCOMRAM 000041
_INT0_ISR                                     text30       002BD8
_INT0_Interrupt_Handular                      bssCOMRAM    000064
_INT1_ISR                                     text29       002BD4
_INT1_Interrupt_Handular                      bssCOMRAM    000062
_INT2_ISR                                     text28       002BD0
_INT2_Interrupt_Handular                      bssCOMRAM    000060
_INTCON2bits                                  (abs)        000FF1
_INTCON3bits                                  (abs)        000FF0
_INTCONbits                                   (abs)        000FF2
_Interrupt_Manager                            intcode      000008
_LATA                                         (abs)        000F89
_LATB                                         (abs)        000F8A
_LATC                                         (abs)        000F8B
_LATD                                         (abs)        000F8C
_LATE                                         (abs)        000F8D
_PIE1bits                                     (abs)        000F9D
_PIE2bits                                     (abs)        000FA0
_PIR1bits                                     (abs)        000F9E
_PIR2bits                                     (abs)        000FA1
_PORTA                                        (abs)        000F80
_PORTB                                        (abs)        000F81
_PORTBbits                                    (abs)        000F81
_PORTC                                        (abs)        000F82
_PORTD                                        (abs)        000F83
_PORTE                                        (abs)        000F84
_PR2                                          (abs)        000FCB
_RB4_Flag                                     dataCOMRAM   00007C
_RB4_ISR                                      text27       002B84
_RB4_Interrupt_Handular_HIGH                  bssCOMRAM    00005E
_RB4_Interrupt_Handular_LOW                   bssCOMRAM    00005C
_RB5_Flag                                     dataCOMRAM   00007B
_RB5_ISR                                      text26       002B6A
_RB5_Interrupt_Handular_HIGH                  bssCOMRAM    00005A
_RB5_Interrupt_Handular_LOW                   bssBANK0     0000FC
_RB6_Flag                                     dataCOMRAM   00007A
_RB6_ISR                                      text25       002B50
_RB6_Interrupt_Handular_HIGH                  bssBANK0     0000FA
_RB6_Interrupt_Handular_LOW                   bssBANK0     0000F8
_RB7_Flag                                     dataCOMRAM   000079
_RB7_ISR                                      text24       002B36
_RB7_Interrupt_Handular_HIGH                  bssBANK0     0000F6
_RB7_Interrupt_Handular_LOW                   bssBANK0     0000F4
_RCREG                                        (abs)        000FAE
_RCSTAbits                                    (abs)        000FAB
_SPBRG                                        (abs)        000FAF
_SPBRGH                                       (abs)        000FB0
_T0CONbits                                    (abs)        000FD5
_T1CONbits                                    (abs)        000FCD
_T2CONbits                                    (abs)        000FCA
_T3CONbits                                    (abs)        000FB1
_TIMER0_ISR                                   text23       002BB6
_TIMER1_ISR                                   text22       002BAA
_TIMER2_ISR                                   text21       002BC2
_TIMER3_ISR                                   text20       002B9E
_TMR0H                                        (abs)        000FD7
_TMR0L                                        (abs)        000FD6
_TMR0_Interrupt_Hundeler                      bssBANK0     0000F2
_TMR1H                                        (abs)        000FCF
_TMR1L                                        (abs)        000FCE
_TMR1_Interrupt_Hundeler                      bssBANK0     0000F0
_TMR2                                         (abs)        000FCC
_TMR2_Interrupt_Hundeler                      bssBANK0     0000EE
_TMR3H                                        (abs)        000FB3
_TMR3L                                        (abs)        000FB2
_TMR3_Interrupt_Hundeler                      bssBANK0     0000EC
_TRISA                                        (abs)        000F92
_TRISB                                        (abs)        000F93
_TRISC                                        (abs)        000F94
_TRISCbits                                    (abs)        000F94
_TRISD                                        (abs)        000F95
_TRISE                                        (abs)        000F96
_TXREG                                        (abs)        000FAD
_TXSTAbits                                    (abs)        000FAC
_USART_ASYNC_Init                             text2        002AA4
_USART_ASYNC_ReadByte_Non_Blocking            text18       002AF2
_USART_ASYNC_WriteByte_Blocking               text17       002B1C
_USART_ASYNC_WriteString_Blocking             text16       002A02
__HRAM                                        (abs)        000000
__H__absolute__                               __absolute__ 000000
__Habs1                                       abs1         000000
__Hbank0                                      bank0        000000
__Hbank1                                      bank1        000000
__Hbank10                                     bank10       000000
__Hbank11                                     bank11       000000
__Hbank12                                     bank12       000000
__Hbank13                                     bank13       000000
__Hbank14                                     bank14       000000
__Hbank15                                     bank15       000000
__Hbank2                                      bank2        000000
__Hbank3                                      bank3        000000
__Hbank4                                      bank4        000000
__Hbank5                                      bank5        000000
__Hbank6                                      bank6        000000
__Hbank7                                      bank7        000000
__Hbank8                                      bank8        000000
__Hbank9                                      bank9        000000
__Hbigbss                                     bigbss       000000
__Hbigdata                                    bigdata      000000
__Hbigram                                     bigram       000000
__Hbigsfr                                     bigsfr       000000
__Hbss                                        bss          000000
__HbssBANK0                                   bssBANK0     000000
__HbssCOMRAM                                  bssCOMRAM    000000
__Hcinit                                      cinit        000000
__Hclrtext                                    clrtext      000000
__Hcomram                                     comram       000000
__Hconfig                                     config       30000E
__Hconst                                      const        000000
__HcstackBANK0                                cstackBANK0  000000
__HcstackCOMRAM                               cstackCOMRAM 000000
__Hdata                                       data         000000
__HdataBANK0                                  dataBANK0    000000
__HdataCOMRAM                                 dataCOMRAM   000000
__Heeprom_data                                eeprom_data  000000
__Hfarbss                                     farbss       000000
__Hfardata                                    fardata      000000
__Hheap                                       heap         000000
__Hibigdata                                   ibigdata     000000
__Hidata                                      idata        000000
__HidataBANK0                                 idataBANK0   000000
__HidataCOMRAM                                idataCOMRAM  000000
__Hidloc                                      idloc        000000
__Hifardata                                   ifardata     000000
__Hinit                                       init         000012
__Hintcode                                    intcode      00000E
__Hintcode_body                               intcode_body 000000
__Hintcodelo                                  intcodelo    00000E
__Hintentry                                   intentry     000000
__Hintret                                     intret       000000
__Hintsave_regs                               intsave_regs 000000
__Hirdata                                     irdata       000000
__Hmediumconst                                mediumconst  000000
__HnvFARRAM                                   nvFARRAM     000000
__Hnvbit                                      nvbit        000000
__Hnvrram                                     nvrram       000000
__Hparam                                      rparam       000000
__Hpowerup                                    powerup      00000E
__Hram                                        ram          000000
__Hramtop                                     ramtop       001000
__Hrbit                                       rbit         000000
__Hrbss                                       rbss         000000
__Hrdata                                      rdata        000000
__Hreset_vec                                  reset_vec    000004
__Hrparam                                     rparam       000000
__Hsfr                                        sfr          000000
__Hsmallconst                                 smallconst   00101A
__Hspace_0                                    (abs)        002BE8
__Hspace_1                                    (abs)        0000FF
__Hspace_2                                    (abs)        000000
__Hspace_4                                    (abs)        60000E
__Hstack                                      stack        000000
__Hstruct                                     struct       000000
__Htemp                                       temp         00007F
__Htext                                       text         000000
__Htext0                                      text0        000000
__Htext1                                      text1        000000
__Htext10                                     text10       000000
__Htext11                                     text11       000000
__Htext12                                     text12       000000
__Htext13                                     text13       000000
__Htext14                                     text14       000000
__Htext15                                     text15       000000
__Htext16                                     text16       000000
__Htext17                                     text17       000000
__Htext18                                     text18       000000
__Htext2                                      text2        000000
__Htext20                                     text20       000000
__Htext21                                     text21       000000
__Htext22                                     text22       000000
__Htext23                                     text23       000000
__Htext24                                     text24       000000
__Htext25                                     text25       000000
__Htext26                                     text26       000000
__Htext27                                     text27       000000
__Htext28                                     text28       000000
__Htext29                                     text29       000000
__Htext3                                      text3        000000
__Htext30                                     text30       000000
__Htext31                                     text31       000000
__Htext32                                     text32       000000
__Htext33                                     text33       000000
__Htext4                                      text4        000000
__Htext5                                      text5        000000
__Htext6                                      text6        000000
__Htext7                                      text7        000000
__Htext8                                      text8        000000
__Htext9                                      text9        000000
__LRAM                                        (abs)        000001
__L__absolute__                               __absolute__ 000000
__Labs1                                       abs1         000000
__Lbank0                                      bank0        000000
__Lbank1                                      bank1        000000
__Lbank10                                     bank10       000000
__Lbank11                                     bank11       000000
__Lbank12                                     bank12       000000
__Lbank13                                     bank13       000000
__Lbank14                                     bank14       000000
__Lbank15                                     bank15       000000
__Lbank2                                      bank2        000000
__Lbank3                                      bank3        000000
__Lbank4                                      bank4        000000
__Lbank5                                      bank5        000000
__Lbank6                                      bank6        000000
__Lbank7                                      bank7        000000
__Lbank8                                      bank8        000000
__Lbank9                                      bank9        000000
__Lbigbss                                     bigbss       000000
__Lbigdata                                    bigdata      000000
__Lbigram                                     bigram       000000
__Lbigsfr                                     bigsfr       000000
__Lbss                                        bss          000000
__LbssBANK0                                   bssBANK0     000000
__LbssCOMRAM                                  bssCOMRAM    000000
__Lcinit                                      cinit        000000
__Lclrtext                                    clrtext      000000
__Lcomram                                     comram       000000
__Lconfig                                     config       000000
__Lconst                                      const        000000
__LcstackBANK0                                cstackBANK0  000000
__LcstackCOMRAM                               cstackCOMRAM 000000
__Ldata                                       data         000000
__LdataBANK0                                  dataBANK0    000000
__LdataCOMRAM                                 dataCOMRAM   000000
__Leeprom_data                                eeprom_data  000000
__Lfarbss                                     farbss       000000
__Lfardata                                    fardata      000000
__Lheap                                       heap         000000
__Libigdata                                   ibigdata     000000
__Lidata                                      idata        000000
__LidataBANK0                                 idataBANK0   000000
__LidataCOMRAM                                idataCOMRAM  000000
__Lidloc                                      idloc        000000
__Lifardata                                   ifardata     000000
__Linit                                       init         00000E
__Lintcode                                    intcode      000008
__Lintcode_body                               intcode_body 000000
__Lintcodelo                                  intcodelo    00000E
__Lintentry                                   intentry     000000
__Lintret                                     intret       000000
__Lintsave_regs                               intsave_regs 000000
__Lirdata                                     irdata       000000
__Lmediumconst                                mediumconst  000000
__LnvFARRAM                                   nvFARRAM     000000
__Lnvbit                                      nvbit        000000
__Lnvrram                                     nvrram       000000
__Lparam                                      rparam       000000
__Lpowerup                                    powerup      00000E
__Lram                                        ram          000000
__Lramtop                                     ramtop       001000
__Lrbit                                       rbit         000000
__Lrbss                                       rbss         000000
__Lrdata                                      rdata        000000
__Lreset_vec                                  reset_vec    000000
__Lrparam                                     rparam       000000
__Lsfr                                        sfr          000000
__Lsmallconst                                 smallconst   001000
__Lspace_0                                    (abs)        000000
__Lspace_1                                    (abs)        000000
__Lspace_2                                    (abs)        000000
__Lspace_4                                    (abs)        000000
__Lstack                                      stack        000000
__Lstruct                                     struct       000000
__Ltemp                                       temp         00007E
__Ltext                                       text         000000
__Ltext0                                      text0        000000
__Ltext1                                      text1        000000
__Ltext10                                     text10       000000
__Ltext11                                     text11       000000
__Ltext12                                     text12       000000
__Ltext13                                     text13       000000
__Ltext14                                     text14       000000
__Ltext15                                     text15       000000
__Ltext16                                     text16       000000
__Ltext17                                     text17       000000
__Ltext18                                     text18       000000
__Ltext2                                      text2        000000
__Ltext20                                     text20       000000
__Ltext21                                     text21       000000
__Ltext22                                     text22       000000
__Ltext23                                     text23       000000
__Ltext24                                     text24       000000
__Ltext25                                     text25       000000
__Ltext26                                     text26       000000
__Ltext27                                     text27       000000
__Ltext28                                     text28       000000
__Ltext29                                     text29       000000
__Ltext3                                      text3        000000
__Ltext30                                     text30       000000
__Ltext31                                     text31       000000
__Ltext32                                     text32       000000
__Ltext33                                     text33       000000
__Ltext4                                      text4        000000
__Ltext5                                      text5        000000
__Ltext6                                      text6        000000
__Ltext7                                      text7        000000
__Ltext8                                      text8        000000
__Ltext9                                      text9        000000
__S0                                          (abs)        002BE8
__S1                                          (abs)        0000FF
__S4                                          (abs)        000000
__S5                                          (abs)        000000
___fladd                                      text7        00101A
___fladd@a                                    cstackCOMRAM 00002D
___fladd@aexp                                 cstackCOMRAM 000036
___fladd@b                                    cstackCOMRAM 000029
___fladd@bexp                                 cstackCOMRAM 000037
___fladd@grs                                  cstackCOMRAM 000038
___fladd@signs                                cstackCOMRAM 000035
___fldiv                                      text6        00195C
___fldiv@a                                    cstackCOMRAM 000014
___fldiv@aexp                                 cstackCOMRAM 000028
___fldiv@b                                    cstackCOMRAM 000010
___fldiv@bexp                                 cstackCOMRAM 000027
___fldiv@grs                                  cstackCOMRAM 000023
___fldiv@new_exp                              cstackCOMRAM 000021
___fldiv@rem                                  cstackCOMRAM 00001C
___fldiv@sign                                 cstackCOMRAM 000020
___fltol                                      text5        002490
___fltol@exp1                                 cstackCOMRAM 00000B
___fltol@f1                                   cstackCOMRAM 000002
___fltol@sign1                                cstackCOMRAM 00000A
___heap_hi                                    (abs)        000000
___heap_lo                                    (abs)        000000
___inthi_sp                                   stack        000000
___intlo_sp                                   stack        000000
___param_bank                                 (abs)        000000
___rparam_used                                (abs)        000001
___sp                                         stack        000000
___xxtofl                                     text4        00205C
___xxtofl@arg                                 cstackCOMRAM 00000C
___xxtofl@exp                                 cstackCOMRAM 00000B
___xxtofl@sign                                cstackCOMRAM 00000A
___xxtofl@val                                 cstackCOMRAM 000002
__accesstop                                   (abs)        000080
__activetblptr                                (abs)        000003
__end_of_ADC_ISR                              text33       002BE8
__end_of_CCP1_ISR                             text32       002BE4
__end_of_CCP2_ISR                             text31       002BE0
__end_of_EUSART_ASYNC_RX_Init                 text9        00276E
__end_of_EUSART_ASYNC_TX_Init                 text8        0026D4
__end_of_EUSART_BaudRate_Calculations         text3        00195C
__end_of_INT0_ISR                             text30       002BDC
__end_of_INT1_ISR                             text29       002BD8
__end_of_INT2_ISR                             text28       002BD4
__end_of_Interrupt_Manager                    intcode_body 00205C
__end_of_RB4_ISR                              text27       002B9E
__end_of_RB5_ISR                              text26       002B84
__end_of_RB6_ISR                              text25       002B6A
__end_of_RB7_ISR                              text24       002B50
__end_of_TIMER0_ISR                           text23       002BC2
__end_of_TIMER1_ISR                           text22       002BB6
__end_of_TIMER2_ISR                           text21       002BCA
__end_of_TIMER3_ISR                           text20       002BAA
__end_of_USART_ASYNC_Init                     text2        002AF2
__end_of_USART_ASYNC_ReadByte_Non_Blocking    text18       002B1C
__end_of_USART_ASYNC_WriteByte_Blocking       text17       002B36
__end_of_USART_ASYNC_WriteString_Blocking     text16       002A56
__end_of___fladd                              text7        0014DA
__end_of___fldiv                              text6        001CF6
__end_of___fltol                              text5        002596
__end_of___xxtofl                             text4        002210
__end_of__initialization                      cinit        00299A
__end_of_gpio_pin_direction_intialize         text15       002354
__end_of_gpio_pin_intialize                   text13       002942
__end_of_gpio_pin_write_logic                 text14       002490
__end_of_led_initialize                       text12       0027EA
__end_of_led_turn_off                         text11       0028D6
__end_of_led_turn_on                          text10       002860
__end_of_main                                 text0        00263A
__end_of_usart_init                           text1        002AA4
__initialization                              cinit        002942
__mediumconst                                 mediumconst  000000
__pbssBANK0                                   bssBANK0     0000DE
__pbssCOMRAM                                  bssCOMRAM    000058
__pcinit                                      cinit        002942
__pcstackBANK0                                cstackBANK0  0000FE
__pcstackCOMRAM                               cstackCOMRAM 000001
__pdataBANK0                                  dataBANK0    000080
__pdataCOMRAM                                 dataCOMRAM   000079
__pidataBANK0                                 idataBANK0   0029A4
__pidataCOMRAM                                idataCOMRAM  002BCA
__pintcode                                    intcode      000008
__pintcode_body                               intcode_body 001CF6
__psmallconst                                 smallconst   001000
__ptext0                                      text0        002596
__ptext1                                      text1        002A56
__ptext10                                     text10       0027EA
__ptext11                                     text11       002860
__ptext12                                     text12       00276E
__ptext13                                     text13       0028D6
__ptext14                                     text14       002354
__ptext15                                     text15       002210
__ptext16                                     text16       002A02
__ptext17                                     text17       002B1C
__ptext18                                     text18       002AF2
__ptext2                                      text2        002AA4
__ptext20                                     text20       002B9E
__ptext21                                     text21       002BC2
__ptext22                                     text22       002BAA
__ptext23                                     text23       002BB6
__ptext24                                     text24       002B36
__ptext25                                     text25       002B50
__ptext26                                     text26       002B6A
__ptext27                                     text27       002B84
__ptext28                                     text28       002BD0
__ptext29                                     text29       002BD4
__ptext3                                      text3        0014DA
__ptext30                                     text30       002BD8
__ptext31                                     text31       002BDC
__ptext32                                     text32       002BE0
__ptext33                                     text33       002BE4
__ptext4                                      text4        00205C
__ptext5                                      text5        002490
__ptext6                                      text6        00195C
__ptext7                                      text7        00101A
__ptext8                                      text8        00263A
__ptext9                                      text9        0026D4
__ramtop                                      ramtop       001000
__smallconst                                  smallconst   001000
_gpio_pin_direction_intialize                 text15       002210
_gpio_pin_intialize                           text13       0028D6
_gpio_pin_write_logic                         text14       002354
_keypad_btn_values                            dataBANK0    000080
_lat_registers                                dataBANK0    0000BA
_lcd_1                                        dataBANK0    0000D8
_lcd_2                                        dataBANK0    0000CE
_led1                                         dataCOMRAM   00007D
_led_initialize                               text12       00276E
_led_turn_off                                 text11       002860
_led_turn_on                                  text10       0027EA
_main                                         text0        002596
_port_registers                               dataBANK0    0000B0
_rec_usart                                    bssCOMRAM    000078
_timer0_preload                               bssCOMRAM    000058
_timer1_preload                               bssBANK0     0000E8
_timer2_preloaded                             bssCOMRAM    000070
_timer3_preload                               bssBANK0     0000E4
_tris_registers                               dataBANK0    0000C4
_usart_init                                   text1        002A56
btemp                                         temp         00007E
end_of_initialization                         cinit        00299A
gpio_pin_direction_intialize@pin_config       cstackCOMRAM 000002
gpio_pin_direction_intialize@ret              cstackCOMRAM 00000A
gpio_pin_intialize@pin_config                 cstackCOMRAM 00000C
gpio_pin_intialize@ret                        cstackCOMRAM 00000F
gpio_pin_write_logic@logic                    cstackCOMRAM 000004
gpio_pin_write_logic@pin_config               cstackCOMRAM 000002
gpio_pin_write_logic@ret                      cstackCOMRAM 00000B
int$flags                                     temp         00007E
int_func                                      intcode_body 001CF6
intlevel0                                     text         000000
intlevel1                                     text         000000
intlevel2                                     text         000000
intlevel3                                     text         000000
isa$std                                       (abs)        000001
isa$xinst                                     (abs)        000000
led_initialize@F3048                          bssCOMRAM    000077
led_initialize@led                            cstackCOMRAM 000010
led_initialize@pin_obj                        cstackCOMRAM 000014
led_initialize@ret                            cstackCOMRAM 000013
led_toggle@F3063                              bssCOMRAM    000074
led_turn_off@F3058                            bssCOMRAM    000075
led_turn_off@led                              cstackCOMRAM 00000C
led_turn_off@pin_obj                          cstackCOMRAM 00000F
led_turn_on@F3053                             bssCOMRAM    000076
led_turn_on@led                               cstackCOMRAM 00000C
led_turn_on@pin_obj                           cstackCOMRAM 00000F
main@ret                                      cstackBANK0  0000FE
stackhi                                       (abs)        000000
stacklo                                       (abs)        000000
start                                         init         00000E
start_initialization                          cinit        002942
ttemp5                                        temp         00007F
ttemp6                                        temp         000082
ttemp7                                        temp         000086
usart_init@usart_obj                          cstackCOMRAM 000048
wtemp8                                        temp         00007F


MODULE INFORMATION

Module		Function		Class		Link	Load	Size
MCAL_Layer/interrupt/mcal_external_interrupt.c
		_RB4_ISR       		CODE           	2B84	0000	26
		_RB5_ISR       		CODE           	2B6A	0000	26
		_RB6_ISR       		CODE           	2B50	0000	26
		_RB7_ISR       		CODE           	2B36	0000	26
		_INT0_ISR      		CODE           	2BD8	0000	4
		_INT1_ISR      		CODE           	2BD4	0000	4
		_INT2_ISR      		CODE           	2BD0	0000	4

MCAL_Layer/interrupt/mcal_external_interrupt.c estimated size: 116

MCAL_Layer/Timer/hal_Timer0.c
		_TIMER0_ISR    		CODE           	2BB6	0000	12

MCAL_Layer/Timer/hal_Timer0.c estimated size: 12

D:\Embeded-Compiler\pic\sources\c99\common\xxtofl.c
		___xxtofl      		CODE           	205C	0000	436

D:\Embeded-Compiler\pic\sources\c99\common\xxtofl.c estimated size: 436

D:\Embeded-Compiler\pic\sources\c99\common\fltol.c
		___fltol       		CODE           	2490	0000	262

D:\Embeded-Compiler\pic\sources\c99\common\fltol.c estimated size: 262

MCAL_Layer/CCP1/hal_ccp.c
		_CCP1_ISR      		CODE           	2BE0	0000	4
		_CCP2_ISR      		CODE           	2BDC	0000	4

MCAL_Layer/CCP1/hal_ccp.c estimated size: 8

D:\Embeded-Compiler\pic\sources\c99\common\sprcdiv.c
		___fldiv       		CODE           	195C	0000	922

D:\Embeded-Compiler\pic\sources\c99\common\sprcdiv.c estimated size: 922

shared
		__initialization		CODE           	2942	0000	88

shared estimated size: 88

MCAL_Layer/ADC/hal_adc.c
		_ADC_ISR       		CODE           	2BE4	0000	4

MCAL_Layer/ADC/hal_adc.c estimated size: 4

MCAL_Layer/GPIO/hal_gpio.c
		_gpio_pin_write_logic		CODE           	2354	0000	316
		_gpio_pin_intialize		CODE           	28D6	0000	108
		_gpio_pin_direction_intialize		CODE           	2210	0000	324

MCAL_Layer/GPIO/hal_gpio.c estimated size: 748

ECU_Layer/LED/ecu_led.c
		_led_initialize		CODE           	276E	0000	124
		_led_turn_on   		CODE           	27EA	0000	118
		_led_turn_off  		CODE           	2860	0000	118

ECU_Layer/LED/ecu_led.c estimated size: 360

MCAL_Layer/UART/hal_uart.c
		_USART_ASYNC_WriteByte_Blocking		CODE           	2B1C	0000	26
		_USART_ASYNC_WriteString_Blocking		CODE           	2A02	0000	84
		_EUSART_BaudRate_Calculations		CODE           	14DA	0000	1154
		_USART_ASYNC_ReadByte_Non_Blocking		CODE           	2AF2	0000	42
		_USART_ASYNC_Init		CODE           	2AA4	0000	78
		_EUSART_ASYNC_RX_Init		CODE           	26D4	0000	154
		_EUSART_ASYNC_TX_Init		CODE           	263A	0000	154

MCAL_Layer/UART/hal_uart.c estimated size: 1692

D:\Embeded-Compiler\pic\sources\c99\common\sprcadd.c
		___fladd       		CODE           	101A	0000	1216

D:\Embeded-Compiler\pic\sources\c99\common\sprcadd.c estimated size: 1216

application.c
		_main          		CODE           	2596	0000	164
		_usart_init    		CODE           	2A56	0000	78

application.c estimated size: 242

MCAL_Layer/Timer3/hal_timer3.c
		_TIMER3_ISR    		CODE           	2B9E	0000	12

MCAL_Layer/Timer3/hal_timer3.c estimated size: 12

MCAL_Layer/Timer2/hal_timer2.c
		_TIMER2_ISR    		CODE           	2BC2	0000	8

MCAL_Layer/Timer2/hal_timer2.c estimated size: 8

MCAL_Layer/Timer1/hal_timer1.c
		_TIMER1_ISR    		CODE           	2BAA	0000	12

MCAL_Layer/Timer1/hal_timer1.c estimated size: 12

MCAL_Layer/interrupt/mcal_interrupt_manager.c
		_Interrupt_Manager		CODE           	0008	0000	876

MCAL_Layer/interrupt/mcal_interrupt_manager.c estimated size: 876

